// Jest Snapshot v1, https://goo.gl/fbAQLP

exports[`Title snapshot: default 1`] = `
<h1
  className="Title"
>
  foo:bar
</h1>
`;
