// Jest Snapshot v1, https://goo.gl/fbAQLP

exports[`Header snapshot: default 1`] = `
<div
  className="header"
>
  <h1
    className="Title"
  >
    foo:bar
  </h1>
</div>
`;
